$ pip install django
$ django-admin startproject shopping_cart
$ cd shopping_cart
$ python manage.py startapp api_app
 env
> shopping_cart
  > api_app
    > migrations
    __init__.py
    admin.py
    apps.py
    models.py
    tests.py
    views.py
  > shopping_cart
    __init__.py
    asgi.py
    settings.py
    urls.py
    wsgi.py
  manage.py
INSTALLED_APPS = [
    'django.contrib.admin',
    'django.contrib.auth',
    'django.contrib.contenttypes',
    'django.contrib.sessions',
    'django.contrib.messages',
    'django.contrib.staticfiles',
    'api_app',
]
from django.db import models

class CartItem(models.Model):
    product_name = models.CharField(max_length=200)
    product_price = models.FloatField()
    product_quantity = models.PositiveIntegerField()
    $ python manage.py makemigrations  # Pack model changes into a file
$ python manage.py migrate  # Apply those changes to the database
perations to perform:
  Apply all migrations: admin, api_app, auth, contenttypes, sessions
Running migrations:
  Applying contenttypes.0001_initial... OK
  okkkkkk
  Applying auth.0001_initial... OK
  Applying admin.0001_initial... OK
  Applying admin.0002_logentry_remove_auto_add... OK
  Applying admin.0003_logentry_add_action_flag_choices... OK
  Applying api_app.0001_initial... OK
  Applying contenttypes.0002_remove_content_type_name... OK
  Applying auth.0002_alter_permission_name_max_length... OK
  Applying auth.0003_alter_user_email_max_length... OK
  Applying auth.0004_alter_user_username_opts... OK
  Applying auth.0005_alter_user_last_login_null... OK
  Applying auth.0006_require_contenttypes_0002... OK
  Applying auth.0007_alter_validators_add_error_messages... OK
  Applying auth.0008_alter_user_username_max_length... OK
  Applying auth.0009_alter_user_last_name_max_length... OK
  Applying auth.0010_alter_group_name_max_length... OK
  Applying auth.0011_update_proxy_permissions... OK
  Applying auth.0012_alter_user_first_name_max_length... OK
  Applying sessions.0001_initial... OK
  from django.contrib import admin
from .models import CartItem

admin.site.register(CartItem)
$ python manage.py createsuperuser
Username (leave blank to use 'xxx'): naazneen
Email address:
Password:
Password (again):
Superuser created successfully.
$ python manage.py runserver
